Parameters:
  App:
    Type: String
    Description: Your application's name.
  Env:
    Type: String
    Description: The environment name your service, job, or workflow is being deployed to.
  Name:
    Type: String
    Description: The name of the service, job, or workflow being deployed.

Mappings:
  prometheusEnvironmentConfigMap:
    # Create an entry for each environment

    development:
      RoleArn: 'dev-prometheus-role-arn'

    production:
      RoleArn: 'prod-prometheus-role-arn'

Resources:
  PromCrossAccountPolicy:
    Type: AWS::IAM::ManagedPolicy
    Properties:
      PolicyDocument:
        Version: '2012-10-17'
        Statement:
          - Effect: Allow
            Action:
              - sts:AssumeRole
            Resource: !FindInMap [prometheusEnvironmentConfigMap, !Ref Env, RoleArn]
Outputs:
  AMPAccessPolicyArn:
    Description: "Allow the task to assume the prometheus writer role in the central account"
    Value: !Ref PromCrossAccountPolicy
