# Generated by platform-helper v0.1-TEST / 2023-08-22 16:00:00
Metadata:
  cfn-lint:
    config:
      ignore_checks:
        - W2001 # Parameter not used

Parameters:
  # Copilot required Parameters...
  App:
    Type: String
    Description: Your application's name.
  Env:
    Type: String
    Description: The environment name your service, job, or workflow is being deployed to.
  Name:
    Type: String
    Description: The name of the service, job, or workflow being deployed.

Mappings:
  myS3BucketBucketAccessEnvironmentConfigMap:
    # Create an entry for each environment

    development:
      BucketName: 'my-bucket'

    production:
      BucketName: 'my-bucket'


Resources:
  myS3BucketBucketAccessS3AccessPolicy:
    Metadata:
      'aws:copilot:description': 'An IAM ManagedPolicy for your service to access the bucket'
    Type: AWS::IAM::ManagedPolicy
    Properties:
      Description: Grants Read access to the S3 bucket.
      PolicyDocument:
        Version: 2012-10-17
        Statement:
          - Sid: KMSDecryptAndGenerate
            Effect: Allow
            Action:
              - kms:Decrypt
              - kms:GenerateDataKey
            Resource:
              Fn::ImportValue:
                !Sub "${App}-${Env}-myS3Bucket-KMSKeyARN"
          - Sid: S3ObjectActions
            Effect: Allow
            Action:
              - s3:*Object

            Resource: !Sub
              - "arn:aws:s3:::${bucket_name}/*"
              - bucket_name: !FindInMap [myS3BucketBucketAccessEnvironmentConfigMap, !Ref Env, BucketName]
          - Sid: S3ListAction
            Effect: Allow
            Action: s3:ListBucket
            Resource: !Sub
              - "arn:aws:s3:::${bucket_name}"
              - bucket_name: !FindInMap [myS3BucketBucketAccessEnvironmentConfigMap, !Ref Env, BucketName]
Outputs:
  myS3BucketBucketAccessAccessPolicy:
    Description: "The IAM::ManagedPolicy to attach to the task role"
    Value: !Ref myS3BucketBucketAccessS3AccessPolicy
