redis:
  # t-shirt sizes for ElastiCache Redis

  # 0.5GB RAM, single node, no failover.
  micro:
    replicas: 0
    instance: cache.t4g.micro
    automatic_failover_enabled: false
    multi_az_enabled: false

  # 0.5GB RAM, highly-available.
  micro-ha:
    replicas: 2
    instance: cache.t4g.micro
    automatic_failover_enabled: true
    multi_az_enabled: true

  # 1.37GB RAM, single node, no failover.
  tiny:
    replicas: 0
    instance: cache.t4g.small
    automatic_failover_enabled: false
    multi_az_enabled: false

  # 1.37GB RAM, highly-available
  tiny-ha:
    replicas: 2
    instance: cache.t4g.small
    automatic_failover_enabled: true
    multi_az_enabled: true

  # 3.09GB RAM, single node, no failover.
  small:
    replicas: 0
    instance: cache.t4g.medium
    automatic_failover_enabled: false
    multi_az_enabled: false

  # 3.09GB RAM, highly-available
  small-ha:
    replicas: 2
    instance: cache.t4g.medium
    automatic_failover_enabled: true
    multi_az_enabled: true

  # 6.38GB RAM, single node, no failover.
  medium:
    replicas: 0
    instance: cache.m6g.large
    automatic_failover_enabled: false
    multi_az_enabled: false

  # 6.38GB RAM, highly-available
  medium-ha:
    replicas: 2
    instance: 'cache.m6g.large'
    automatic_failover_enabled: true
    multi_az_enabled: true

  # 12.93GB RAM, single node, no failover.
  large:
    replicas: 0
    instance: cache.m6g.xlarge
    automatic_failover_enabled: false
    multi_az_enabled: false

  # 12.93GB RAM, highly-available
  large-ha:
    replicas: 2
    instance: cache.m6g.xlarge
    automatic_failover_enabled: true
    multi_az_enabled: true

  # 26.04GB RAM, single node, no failover.
  x-large:
    replicas: 0
    instance: cache.m6g.2xlarge
    automatic_failover_enabled: false
    multi_az_enabled: false

  # 26.04GB RAM, highly-available
  x-large-ha:
    replicas: 2
    instance: cache.m6g.2xlarge
    automatic_failover_enabled: true
    multi_az_enabled: true
opensearch:
  # t-shirt sizes for OpenSearch

  # 2 vCPU, 2GB RAM, volume size range 10-100GB
  tiny:
    volume_size: 80
    instances: 1
    instance: t3.small.search
    enable_ha: false

  # 2 vCPU, 2GB RAM, volume size range 10-100GB
  tiny-ha:
    volume_size: 80
    instances: 2
    instance: t3.small.search
    enable_ha: true

  # 2 vCPU, 4GB RAM, volume size range 10-200GB
  small:
    volume_size: 200
    instances: 1
    instance: t3.medium.search
    enable_ha: false

  # 2 nodes with 2 vCPU, 4GB RAM, volume size range 10-200GB
  small-ha:
    volume_size: 200
    instances: 2
    instance: t3.medium.search
    enable_ha: true

  # 2 vCPU, 8GB RAM, volume size range 10-512GB
  medium:
    volume_size: 512
    instances: 1
    instance: m6g.large.search
    enable_ha: false

  # 2 nodes with 2 vCPU, 8GB RAM, volume size range 10-512GB
  medium-ha:
    volume_size: 512
    instances: 2
    instance: m6g.large.search
    enable_ha: true

  # 4 vCPU, 16GB RAM, volume size range 10-1000GB
  large:
    volume_size: 1000
    instances: 1
    instance: m6g.xlarge.search
    enable_ha: false

  # 2 nodes with 4 vCPU, 16GB RAM, volume size range 10-1000GB
  large-ha:
    volume_size: 1000
    instances: 2
    instance: m6g.xlarge.search
    enable_ha: true

  # 8 vCPU, 32GB RAM, volume size range 10-1500GB
  x-large:
    volume_size: 1500
    instances: 1
    instance: m6g.2xlarge.search
    enable_ha: false

  # 2 nodes with 8 vCPU, 32GB RAM, volume size range 10-1500GB
  x-large-ha:
    volume_size: 1500
    instances: 2
    instance: m6g.2xlarge.search
    enable_ha: true

postgres:
  # t-shirt sizes for Postgres
  # Aligned with the instance types from https://aws.amazon.com/rds/instance-types/

  # 2v CPU, 1GB RAM, 100GB Storage
  tiny:
    volume_size: 100
    multi_az: false
    instance: db.t3.micro

  # 2v CPU, 2GB RAM, 100GB Storage
  small:
    volume_size: 100
    multi_az: false
    instance: db.t3.small

  # 2v CPU, 2GB RAM, 100GB Storage, multi AZ
  small-ha:
    volume_size: 100
    multi_az: true
    instance: db.t3.small

  # 2v CPU, 2GB RAM, 100GB Storage, multi AZ, high IOPS
  small-high-io:
    volume_size: 100
    multi_az: true
    instance: db.t3.small
    storage_type: io2
    iops: 40000

  # # 2v CPU, 4GB RAM, 100GB Storage
  medium:
    volume_size: 100
    multi_az: false
    instance: db.t3.medium

  # # 2v CPU, 4GB RAM, 100GB Storage, multi AZ
  medium-ha:
    volume_size: 100
    multi_az: true
    instance: db.t3.medium

  # 2v CPU, 4GB RAM, 100GB Storage, multi AZ, high IOPS
  medium-high-io:
    volume_size: 100
    multi_az: true
    instance: db.t3.medium
    storage_type: io2
    iops: 40000

  # 2v CPU, 8GB RAM, 100GB Storage
  large:
    volume_size: 100
    multi_az: false
    instance: db.m5.large

  # 2v CPU, 8GB RAM, 100GB Storage, multi AZ
  large-ha:
    volume_size: 100
    multi_az: true
    instance: db.m5.large

  # 2v CPU, 8GB RAM, 100GB Storage, multi AZ, high IOPS
  large-high-io:
    volume_size: 100
    multi_az: true
    instance: db.m5.large
    storage_type: io2
    iops: 40000

  # 4v CPU, 16GB RAM, 100GB Storage
  x-large:
    volume_size: 100
    multi_az: false
    instance: db.m5.xlarge

  # 4v CPU, 16GB RAM, 100GB Storage, multi AZ
  x-large-ha:
    volume_size: 100
    multi_az: true
    instance: db.m5.xlarge

  # 4v CPU, 16GB RAM, 100GB Storage, multi AZ, high IOPS
  x-large-high-io:
    volume_size: 100
    multi_az: true
    instance: db.m5.xlarge
    storage_type: io2
    iops: 40000

  # 8v CPU, 32GB RAM, 100GB Storage
  2x-large:
    volume_size: 100
    multi_az: false
    instance: db.m5.2xlarge

  # 8v CPU, 32GB RAM, 100GB Storage, multi AZ
  2x-large-ha:
    volume_size: 100
    multi_az: true
    instance: db.m5.2xlarge

  # 8v CPU, 32GB RAM, 100GB Storage, multi AZ, high IOPS
  2x-large-high-io:
    volume_size: 100
    multi_az: true
    instance: db.m5.2xlarge
    storage_type: io2
    iops: 40000

  # 16v CPU, 64GB RAM, 100GB Storage
  4x-large:
    volume_size: 100
    multi_az: false
    instance: db.m5.4xlarge

  # 16v CPU, 64GB RAM, 100GB Storage, multi AZ
  4x-large-ha:
    volume_size: 100
    multi_az: true
    instance: db.m5.4xlarge

  # 16v CPU, 64GB RAM, 100GB Storage, multi AZ, high IOPS
  4x-large-high-io:
    volume_size: 100
    multi_az: true
    instance: db.m5.4xlarge
    storage_type: io2
    iops: 40000
